// Jest Snapshot v1, https://goo.gl/fbAQLP

exports[`Footer component matches snapshot DOM node structure 1`] = `
<DocumentFragment>
  <section
    class="footer"
  >
    <div
      class="name-date"
    >
      <p>
        Essennejaye Â© 
        <span
          data-testid="currentYear"
        >
          2021
        </span>
      </p>
    </div>
    <div
      class="icon-img"
    >
      <a
        href="https://github.com/essennejaye"
      >
        <img
          alt="github-icon"
          src="../images1/github-32px.png"
        />
      </a>
      <a
        href="https://www.linkedin.com/in/satalia-n-jefferson"
      >
        <img
          alt="linkedin-icon"
          src="../images1/linkedin-32px.png"
        />
      </a>
    </div>
  </section>
</DocumentFragment>
`;
